Γû▓ Next.js 16.2.2 (Turbopack)
- Environments: .env

node.exe : ΓÜá The "middleware" file convention is 
deprecated. Please use "proxy" instead. Learn more: 
https://nextjs.org/docs/messages/middleware-to-proxy
At C:\Program Files\nodejs\npx.ps1:29 char:3
+   & $NODE_EXE $NPX_CLI_JS $args
+   ~~~~~~~~~~~~~~~~~~~~~~~~~~~~~
    + CategoryInfo          : NotSpecified: (ΓÜá The "mi 
   ddle...leware-to-proxy:String) [], RemoteException
    + FullyQualifiedErrorId : NativeCommandError
 
  Creating an optimized production build ...
Γ£ô Compiled successfully in 5.3s
  Running TypeScript ...
  Finished TypeScript in 7.3s ...
  Collecting page data using 11 workers ...
Error [PrismaClientInitializationError]: `PrismaClient` 
needs to be constructed with a non-empty, valid 
`PrismaClientOptions`:

```
new PrismaClient({
  ...
})
```

or

```
constructor() {
  super({ ... });
}
```
          
    at module evaluation 
(C:\Users\Administrator\Downloads\app\app ibadah\ibadah-p
lanner\.next\server\chunks\_0dqhm7g._.js:404:79883)
    at instantiateModule 
(C:\Users\Administrator\Downloads\app\app ibadah\ibadah-p
lanner\.next\server\chunks\[turbopack]_runtime.js:853:9)
    at getOrInstantiateModuleFromParent 
(C:\Users\Administrator\Downloads\app\app ibadah\ibadah-p
lanner\.next\server\chunks\[turbopack]_runtime.js:877:12)
    at Context.esmImport [as i] 
(C:\Users\Administrator\Downloads\app\app ibadah\ibadah-p
lanner\.next\server\chunks\[turbopack]_runtime.js:281:20)
    at module evaluation 
(C:\Users\Administrator\Downloads\app\app ibadah\ibadah-p
lanner\.next\server\chunks\[root-of-the-server]__0kymz0v.
_.js:1:1614)
    at instantiateModule 
(C:\Users\Administrator\Downloads\app\app ibadah\ibadah-p
lanner\.next\server\chunks\[turbopack]_runtime.js:853:9)
    at instantiateRuntimeModule 
(C:\Users\Administrator\Downloads\app\app ibadah\ibadah-p
lanner\.next\server\chunks\[turbopack]_runtime.js:882:12)
    at getOrInstantiateRuntimeModule 
(C:\Users\Administrator\Downloads\app\app ibadah\ibadah-p
lanner\.next\server\chunks\[turbopack]_runtime.js:895:12)
    at Object.m 
(C:\Users\Administrator\Downloads\app\app ibadah\ibadah-p
lanner\.next\server\chunks\[turbopack]_runtime.js:898:18)
 {
  clientVersion: '7.6.0',
  errorCode: undefined,
  retryable: undefined
}

> Build error occurred
Error: Failed to collect page data for /api/admin/reports
    at ignore-listed frames {
  type: 'Error'
}
